mode: set
github.com/libdns/dnsexit/client.go:29.89,40.78 4 0
github.com/libdns/dnsexit/client.go:40.78,43.4 2 0
github.com/libdns/dnsexit/client.go:46.2,47.16 2 0
github.com/libdns/dnsexit/client.go:47.16,50.54 2 0
github.com/libdns/dnsexit/client.go:50.54,52.4 1 0
github.com/libdns/dnsexit/client.go:55.2,55.25 1 0
github.com/libdns/dnsexit/client.go:55.25,57.17 2 0
github.com/libdns/dnsexit/client.go:57.17,59.4 1 0
github.com/libdns/dnsexit/client.go:60.3,65.5 1 0
github.com/libdns/dnsexit/client.go:68.2,69.16 2 0
github.com/libdns/dnsexit/client.go:69.16,72.54 2 0
github.com/libdns/dnsexit/client.go:72.54,74.4 1 0
github.com/libdns/dnsexit/client.go:76.2,76.24 1 0
github.com/libdns/dnsexit/client.go:76.24,77.14 1 0
github.com/libdns/dnsexit/client.go:77.14,78.12 1 0
github.com/libdns/dnsexit/client.go:80.3,84.5 1 0
github.com/libdns/dnsexit/client.go:87.2,87.24 1 0
github.com/libdns/dnsexit/client.go:91.111,100.33 4 0
github.com/libdns/dnsexit/client.go:100.33,105.17 3 0
github.com/libdns/dnsexit/client.go:105.17,107.4 1 0
github.com/libdns/dnsexit/client.go:109.3,109.57 1 0
github.com/libdns/dnsexit/client.go:112.2,116.16 4 0
github.com/libdns/dnsexit/client.go:117.21,118.42 1 0
github.com/libdns/dnsexit/client.go:119.18,120.14 1 0
github.com/libdns/dnsexit/client.go:121.21,122.39 1 0
github.com/libdns/dnsexit/client.go:123.10,124.73 1 0
github.com/libdns/dnsexit/client.go:132.2,133.16 2 0
github.com/libdns/dnsexit/client.go:133.16,135.3 1 0
github.com/libdns/dnsexit/client.go:136.2,136.11 1 0
github.com/libdns/dnsexit/client.go:136.11,139.3 2 0
github.com/libdns/dnsexit/client.go:142.2,148.16 2 0
github.com/libdns/dnsexit/client.go:148.16,150.3 1 0
github.com/libdns/dnsexit/client.go:155.2,155.37 1 0
github.com/libdns/dnsexit/client.go:155.37,158.3 2 0
github.com/libdns/dnsexit/client.go:160.2,160.21 1 0
github.com/libdns/dnsexit/client.go:164.42,168.2 3 0
github.com/libdns/dnsexit/libdns.go:137.38,138.21 1 1
github.com/libdns/dnsexit/libdns.go:138.21,140.3 1 0
github.com/libdns/dnsexit/libdns.go:142.2,143.22 2 1
github.com/libdns/dnsexit/libdns.go:143.22,145.3 1 0
github.com/libdns/dnsexit/libdns.go:147.2,148.16 2 1
github.com/libdns/dnsexit/libdns.go:148.16,150.3 1 0
github.com/libdns/dnsexit/libdns.go:151.2,151.14 1 1
github.com/libdns/dnsexit/libdns.go:151.14,153.3 1 0
github.com/libdns/dnsexit/libdns.go:155.2,156.20 2 1
github.com/libdns/dnsexit/libdns.go:156.20,158.3 1 0
github.com/libdns/dnsexit/libdns.go:160.2,168.8 1 1
github.com/libdns/dnsexit/libdns.go:187.32,195.2 1 1
github.com/libdns/dnsexit/libdns.go:201.45,209.2 1 1
github.com/libdns/dnsexit/libdns.go:214.45,215.16 1 1
github.com/libdns/dnsexit/libdns.go:215.16,217.3 1 1
github.com/libdns/dnsexit/libdns.go:218.2,218.31 1 1
github.com/libdns/dnsexit/libdns.go:218.31,220.3 1 1
github.com/libdns/dnsexit/libdns.go:221.2,221.35 1 1
github.com/libdns/dnsexit/libdns.go:221.35,223.3 1 1
github.com/libdns/dnsexit/libdns.go:224.2,224.20 1 1
github.com/libdns/dnsexit/models.go:43.91,45.30 1 0
github.com/libdns/dnsexit/models.go:45.30,47.3 1 0
github.com/libdns/dnsexit/models.go:48.2,52.25 4 0
github.com/libdns/dnsexit/models.go:52.25,54.3 1 0
github.com/libdns/dnsexit/models.go:56.2,60.29 4 0
github.com/libdns/dnsexit/models.go:60.29,68.3 4 0
github.com/libdns/dnsexit/models.go:69.2,69.26 1 0
github.com/libdns/dnsexit/models.go:69.26,72.3 2 0
github.com/libdns/dnsexit/models.go:74.2,74.27 1 0
github.com/libdns/dnsexit/provider.go:20.90,22.16 2 0
github.com/libdns/dnsexit/provider.go:22.16,24.3 1 0
github.com/libdns/dnsexit/provider.go:26.2,26.24 1 0
github.com/libdns/dnsexit/provider.go:30.118,32.2 1 0
github.com/libdns/dnsexit/provider.go:36.115,38.2 1 0
github.com/libdns/dnsexit/provider.go:41.118,43.2 1 0
